测速日志 2026-10-06 10:52:01
速度阈值: 140KB/s
去重功能: 已启用
EPG源: https://gh-proxy.com/https://raw.githubusercontent.com/adminouyang/231006/refs/heads/main/py/TV/EPG/epg.xml
[2026-10-06 10:52:05] ⚠️ 仅读取 9.2KB 数据: http://kakaxi.indevs.in/Disclaimer.mp4
[2026-10-06 10:52:05] ✅ 测速成功: http://kakaxi.indevs.in/Disclaimer.mp4
   速度: 9159.18KB/s > 140KB/s | 数据量: 9.2KB | 总耗时: 0.24s
[2026-10-06 10:52:15] ❌ 测速失败: http://gslbmgsplive.miguvideo.com/wd_r2/cctv/cctv1hd/1200/index.m3u8?msisdn=1622ad9e02c32f0fd1dc9a2bafd70e07&mdspid=&spid=699004&netType=0&sid=2201057821&pid=2028597139&timestamp=20261006125024&Channel_ID=0116_2600034600-99000-201600010010028&ProgramID=608807420&ParentNodeID=-99&assertID=2201057821&client_ip=39.103.182.111&SecurityKey=20261006125024&promotionId=&mvid=2201057821&mcid=500020&playurlVersion=WX-A1-9.9.2-SNAPSHOT&userid=&jmhm=&videocodec=h264&appCode=miguvideo_android&bean=mgspad&tid=android&conFee=0&puData=b1e324792d48f662625860cdb10ad73d&ddCalcu=db31v7ead3ya2a0417b9d2cd04688f562662&sv=10004&ct=android
   错误: HTTPConnectionPool(host='gslbmgsplive.miguvideo.com', port=80): Max retries exceeded with url: /wd_r2/cctv/cctv1hd/1200/index.m3u8?msisdn=1622ad9e02c32f0fd1dc9a2bafd70e07&mdspid=&spid=699004&netType=0&sid=2201057821&pid=2028597139&timestamp=20261006125024&Channel_ID=0116_2600034600-99000-201600010010028&ProgramID=608807420&ParentNodeID=-99&assertID=2201057821&client_ip=39.103.182.111&SecurityKey=20261006125024&promotionId=&mvid=2201057821&mcid=500020&playurlVersion=WX-A1-9.9.2-SNAPSHOT&userid=&jmhm=&videocodec=h264&appCode=miguvideo_android&bean=mgspad&tid=android&conFee=0&puData=b1e324792d48f662625860cdb10ad73d&ddCalcu=db31v7ead3ya2a0417b9d2cd04688f562662&sv=10004&ct=android (Caused by NewConnectionError("HTTPConnection(host='gslbmgsplive.miguvideo.com', port=80): Failed to establish a new connection: [Errno 101] Network is unreachable")) | 域名: gslbmgsplive.miguvideo.com:80
[2026-10-06 10:52:25] ❌ 测速失败: http://114.102.131.159:5080/608807420
   错误: HTTPConnectionPool(host='gslbmgsplive.miguvideo.com', port=80): Max retries exceeded with url: /migu/kailu/cctv1hd265/51/20191230/index.m3u8?msisdn=b2546e5218095c4f393ae6d5d19b6347&mdspid=&spid=699004&netType=0&sid=2201057821&pid=2028597139&timestamp=20261006185216&Channel_ID=0116_2600034600-99000-201600010010028&ProgramID=608807420&ParentNodeID=-99&assertID=2201057821&client_ip=114.102.131.159&SecurityKey=20261006185216&promotionId=&mvid=2201057821&mcid=500020&playurlVersion=WX-A1-9.9.2-SNAPSHOT&userid=&jmhm=&videocodec=h265&appCode=miguvideo_android&bean=mgspad&tid=android&conFee=0&puData=94a055c3ebb7971e1e91d709a5d331cd&ddCalcu=d9c4v1aa30y35ad55ca39e0b7bd71997e11e&sv=10004&ct=android (Caused by NewConnectionError("HTTPConnection(host='gslbmgsplive.miguvideo.com', port=80): Failed to establish a new connection: [Errno 101] Network is unreachable")) | 域名: 114.102.131.159:5080
[2026-10-06 10:52:28] ❌ 测速失败: http://101.35.240.114:88/live.php?id=CCTV1
   错误: HTTPConnectionPool(host='101.35.240.114', port=88): Max retries exceeded with url: /live.php?id=CCTV1 (Caused by ConnectTimeoutError(<HTTPConnection(host='101.35.240.114', port=88) at 0x7f85912a8310>, 'Connection to 101.35.240.114 timed out. (connect timeout=3.05)')) | 域名: 101.35.240.114:88
[2026-10-06 10:52:30] ✅ 测速成功: https://live.ottiptv.cc/douyu/4549169
   速度: 62981.17KB/s > 140KB/s | 数据量: 104.0KB | 总耗时: 1.57s
[2026-10-06 10:52:32] ⚠️ 仅读取 0.3KB 数据: http://tvcdn.stream3.hndt.com/tv/65c4a6d5017e1000b2b6ea2500000000_transios/playlist.m3u8?wsSecret=870fdff7acc89d25937117946361fc3b&wsTime=1791295460
[2026-10-06 10:52:32] ✅ 测速成功: http://tvcdn.stream3.hndt.com/tv/65c4a6d5017e1000b2b6ea2500000000_transios/playlist.m3u8?wsSecret=870fdff7acc89d25937117946361fc3b&wsTime=1791295460
   速度: 349.61KB/s > 140KB/s | 数据量: 0.3KB | 总耗时: 1.69s
[2026-10-06 10:52:33] ⚠️ 仅读取 0.3KB 数据: https://dxtx.hntv.tv/live/lypd.m3u8?txSecret=10c771842a0be59e8b575d765173ec96&txTime=7B923E0A&wsSecret=39b2edadc323f691f824cf42cc61426e&wsTime=1791295460
[2026-10-06 10:52:33] ✅ 测速成功: https://dxtx.hntv.tv/live/lypd.m3u8?txSecret=10c771842a0be59e8b575d765173ec96&txTime=7B923E0A&wsSecret=39b2edadc323f691f824cf42cc61426e&wsTime=1791295460
   速度: 280.27KB/s > 140KB/s | 数据量: 0.3KB | 总耗时: 1.38s
[2026-10-06 10:52:34] ⚠️ 仅读取 0.2KB 数据: http://219.147.245.238:25480/newlive/live/hls/1/live.m3u8
[2026-10-06 10:52:34] ✅ 测速成功: http://219.147.245.238:25480/newlive/live/hls/1/live.m3u8
   速度: 226.56KB/s > 140KB/s | 数据量: 0.2KB | 总耗时: 1.07s
[2026-10-06 10:52:35] ⚠️ 仅读取 0.2KB 数据: http://58.56.162.102:4466/newlive/live/hls/1/live.m3u8
[2026-10-06 10:52:35] ✅ 测速成功: http://58.56.162.102:4466/newlive/live/hls/1/live.m3u8
   速度: 226.56KB/s > 140KB/s | 数据量: 0.2KB | 总耗时: 0.56s
[2026-10-06 10:52:37] ⚠️ 仅读取 0.2KB 数据: http://120.40.39.246:352/newlive/live/hls/1/live.m3u8
[2026-10-06 10:52:37] ✅ 测速成功: http://120.40.39.246:352/newlive/live/hls/1/live.m3u8
   速度: 226.56KB/s > 140KB/s | 数据量: 0.2KB | 总耗时: 2.82s
[2026-10-06 10:52:38] ⚠️ 仅读取 0.2KB 数据: http://38.75.136.137:98/gslb/dsdqbv/cctv1hd.m3u8?auth=test20251009
[2026-10-06 10:52:38] ✅ 测速成功: http://38.75.136.137:98/gslb/dsdqbv/cctv1hd.m3u8?auth=test20251009
   速度: 197.27KB/s > 140KB/s | 数据量: 0.2KB | 总耗时: 0.67s
[2026-10-06 10:52:38] ⚠️ 仅读取 0.2KB 数据: http://173.208.212.130:8181/720p/cctv1.m3u8
[2026-10-06 10:52:38] ✅ 测速成功: http://173.208.212.130:8181/720p/cctv1.m3u8
   速度: 205.08KB/s > 140KB/s | 数据量: 0.2KB | 总耗时: 0.14s
[2026-10-06 10:52:38] ⚠️ 仅读取 0.2KB 数据: http://198.204.228.26/live/cctv1hd.m3u8
[2026-10-06 10:52:38] ✅ 测速成功: http://198.204.228.26/live/cctv1hd.m3u8
   速度: 205.08KB/s > 140KB/s | 数据量: 0.2KB | 总耗时: 0.14s
[2026-10-06 10:52:39] ⚠️ 仅读取 0.2KB 数据: http://107.150.60.122/live/cctv2hd.m3u8
[2026-10-06 10:52:39] ✅ 测速成功: http://107.150.60.122/live/cctv2hd.m3u8
   速度: 197.27KB/s > 140KB/s | 数据量: 0.2KB | 总耗时: 0.14s
[2026-10-06 10:52:39] ⚠️ 仅读取 0.2KB 数据: http://113.57.140.161:10081/newlive/live/hls/4/live.m3u8
[2026-10-06 10:52:39] ✅ 测速成功: http://113.57.140.161:10081/newlive/live/hls/4/live.m3u8
   速度: 226.56KB/s > 140KB/s | 数据量: 0.2KB | 总耗时: 0.52s
[2026-10-06 10:52:39] ⚠️ 仅读取 0.2KB 数据: http://74.91.26.218:82/live/cctv4hd.m3u8
[2026-10-06 10:52:39] ✅ 测速成功: http://74.91.26.218:82/live/cctv4hd.m3u8
   速度: 205.08KB/s > 140KB/s | 数据量: 0.2KB | 总耗时: 0.13s
[2026-10-06 10:52:41] ⚠️ 仅读取 0.3KB 数据: https://event.pull.hebtv.com/jishi/cp1.m3u8
[2026-10-06 10:52:41] ✅ 测速成功: https://event.pull.hebtv.com/jishi/cp1.m3u8
   速度: 319.34KB/s > 140KB/s | 数据量: 0.3KB | 总耗时: 1.49s
[2026-10-06 10:52:41] ⚠️ 仅读取 0.2KB 数据: http://204.12.221.218:8181/3m1080p/cctv14.m3u8
[2026-10-06 10:52:41] ✅ 测速成功: http://204.12.221.218:8181/3m1080p/cctv14.m3u8
   速度: 208.01KB/s > 140KB/s | 数据量: 0.2KB | 总耗时: 0.14s
[2026-10-06 10:52:41] ⚠️ 仅读取 0.2KB 数据: http://63.141.230.178:82/gslb/zbdq5.m3u8?id=cctv14hd
[2026-10-06 10:52:41] ✅ 测速成功: http://63.141.230.178:82/gslb/zbdq5.m3u8?id=cctv14hd
   速度: 200.20KB/s > 140KB/s | 数据量: 0.2KB | 总耗时: 0.20s
[2026-10-06 10:52:42] ⚠️ 仅读取 7.3KB 数据: http://hlsztemgsplive.miguvideo.com:8080/wd_r2/2018/ocn/cctv10hd/1000/index.m3u8?msisdn=202610052201345dce78b8b64f474da2719944c49244cf&mdspid=&spid=699004&netType=0&sid=5500212874&pid=2028597139&timestamp=20261005220134&Channel_ID=0116_2600000900-99000-201600010010027&ProgramID=624878405&ParentNodeID=-99&assertID=5500212874&client_ip=171.8.79.254&SecurityKey=20261005220134&promotionId=&mvid=5100001696&mcid=500020&playurlVersion=WX-A1-9.9.2-SNAPSHOT&userid=&jmhm=&videocodec=h264&appCode=miguvideo_android&bean=mgspad&tid=android&conFee=0&encrypt=b23971777dc3bbedc92f499a13bb1cf7
[2026-10-06 10:52:42] ✅ 测速成功: http://hlsztemgsplive.miguvideo.com:8080/wd_r2/2018/ocn/cctv10hd/1000/index.m3u8?msisdn=202610052201345dce78b8b64f474da2719944c49244cf&mdspid=&spid=699004&netType=0&sid=5500212874&pid=2028597139&timestamp=20261005220134&Channel_ID=0116_2600000900-99000-201600010010027&ProgramID=624878405&ParentNodeID=-99&assertID=5500212874&client_ip=171.8.79.254&SecurityKey=20261005220134&promotionId=&mvid=5100001696&mcid=500020&playurlVersion=WX-A1-9.9.2-SNAPSHOT&userid=&jmhm=&videocodec=h264&appCode=miguvideo_android&bean=mgspad&tid=android&conFee=0&encrypt=b23971777dc3bbedc92f499a13bb1cf7
   速度: 7311.52KB/s > 140KB/s | 数据量: 7.3KB | 总耗时: 0.78s
[2026-10-06 10:52:43] ⚠️ 仅读取 0.4KB 数据: http://113.25.252.226:9901/tsfile/live/1016_1.m3u8?key=txiptv&playlive=1&authid=0
[2026-10-06 10:52:43] ✅ 测速成功: http://113.25.252.226:9901/tsfile/live/1016_1.m3u8?key=txiptv&playlive=1&authid=0
   速度: 422.85KB/s > 140KB/s | 数据量: 0.4KB | 总耗时: 1.23s
[2026-10-06 10:52:44] ⚠️ 仅读取 0.2KB 数据: http://120.211.62.180:8000/hls/35/index.m3u8
[2026-10-06 10:52:44] ✅ 测速成功: http://120.211.62.180:8000/hls/35/index.m3u8
   速度: 230.47KB/s > 140KB/s | 数据量: 0.2KB | 总耗时: 0.68s
[2026-10-06 10:52:44] ⚠️ 仅读取 0.8KB 数据: http://bp-resource-dfl.bestv.cn/148/3/video.m3u8
[2026-10-06 10:52:44] ✅ 测速成功: http://bp-resource-dfl.bestv.cn/148/3/video.m3u8
   速度: 833.01KB/s > 140KB/s | 数据量: 0.8KB | 总耗时: 0.78s
[2026-10-06 10:52:45] ⚠️ 仅读取 0.8KB 数据: https://bp-resource-dfl.bestv.cn/148/3/video.m3u8
[2026-10-06 10:52:45] ✅ 测速成功: https://bp-resource-dfl.bestv.cn/148/3/video.m3u8
   速度: 833.01KB/s > 140KB/s | 数据量: 0.8KB | 总耗时: 0.80s
[2026-10-06 10:52:46] ✅ 测速成功: https://txmov2.a.kwimgs.com/bs3/video-hls/5199687338554291078_hlsb.m3u8
   速度: 60710.87KB/s > 140KB/s | 数据量: 104.0KB | 总耗时: 0.36s
[2026-10-06 10:52:48] ⚠️ 仅读取 0.3KB 数据: https://liveout.xntv.tv/a65jur/96iln2.m3u8
[2026-10-06 10:52:48] ✅ 测速成功: https://liveout.xntv.tv/a65jur/96iln2.m3u8
   速度: 264.65KB/s > 140KB/s | 数据量: 0.3KB | 总耗时: 2.47s
[2026-10-06 10:52:49] ⚠️ 仅读取 0.5KB 数据: http://live.zohi.tv/video/s10001-fztv-3/index.m3u8
[2026-10-06 10:52:49] ✅ 测速成功: http://live.zohi.tv/video/s10001-fztv-3/index.m3u8
   速度: 498.05KB/s > 140KB/s | 数据量: 0.5KB | 总耗时: 1.01s
[2026-10-06 10:52:50] ⚠️ 仅读取 0.2KB 数据: http://r.jdshipin.com/WtYt3
[2026-10-06 10:52:50] ✅ 测速成功: http://r.jdshipin.com/WtYt3
   速度: 186.52KB/s > 140KB/s | 数据量: 0.2KB | 总耗时: 1.19s
[2026-10-06 10:52:51] ⚠️ 仅读取 0.2KB 数据: https://hlscdn.liangtv.cn/live/de0f97348eb84f62aa6b7d8cf0430770/dd505d87880c478f901f38560ca4d4e6.m3u8
[2026-10-06 10:52:51] ✅ 测速成功: https://hlscdn.liangtv.cn/live/de0f97348eb84f62aa6b7d8cf0430770/dd505d87880c478f901f38560ca4d4e6.m3u8
   速度: 179.69KB/s > 140KB/s | 数据量: 0.2KB | 总耗时: 0.75s
[2026-10-06 10:52:52] ⚠️ 仅读取 0.4KB 数据: http://event.pull.hebtv.com/jishi/weishi_tingyun.m3u8
[2026-10-06 10:52:52] ✅ 测速成功: http://event.pull.hebtv.com/jishi/weishi_tingyun.m3u8
   速度: 383.79KB/s > 140KB/s | 数据量: 0.4KB | 总耗时: 0.53s
[2026-10-06 10:52:53] ⚠️ 仅读取 0.3KB 数据: http://play1-qk.nmtv.cn/live/1769652018126032.m3u8
[2026-10-06 10:52:53] ✅ 测速成功: http://play1-qk.nmtv.cn/live/1769652018126032.m3u8
   速度: 324.22KB/s > 140KB/s | 数据量: 0.3KB | 总耗时: 1.69s
[2026-10-06 10:52:54] ⚠️ 仅读取 0.4KB 数据: http://153.0.171.163:9901/tsfile/live/0118_1.m3u8?key=txiptv&playlive=1&authid=0
[2026-10-06 10:52:54] ✅ 测速成功: http://153.0.171.163:9901/tsfile/live/0118_1.m3u8?key=txiptv&playlive=1&authid=0
   速度: 417.97KB/s > 140KB/s | 数据量: 0.4KB | 总耗时: 0.52s
[2026-10-06 10:52:58] ⚠️ 仅读取 0.1KB 数据: https://hkstv.tv/api/m3u8-proxy?url=http%3A%2F%2Fwebcast.hkstv.tv%2Flivestream%2Fmutfysrq%2Fplaylist.m3u8
[2026-10-06 10:52:58] ⚠️ 速度不足: https://hkstv.tv/api/m3u8-proxy?url=http%3A%2F%2Fwebcast.hkstv.tv%2Flivestream%2Fmutfysrq%2Fplaylist.m3u8
   速度: 114.26KB/s <= 140KB/s | 数据量: 0.1KB | 总耗时: 4.30s
[2026-10-06 10:53:01] ⚠️ 仅读取 0.5KB 数据: https://srs.iyb983.cn:443/video/CYS/index.m3u8
[2026-10-06 10:53:01] ✅ 测速成功: https://srs.iyb983.cn:443/video/CYS/index.m3u8
   速度: 511.72KB/s > 140KB/s | 数据量: 0.5KB | 总耗时: 2.50s
[2026-10-06 10:53:06] ⚠️ 仅读取 0.3KB 数据: https://hwapi.yntv.net/ew265l/z1z6s5.m3u8
[2026-10-06 10:53:06] ✅ 测速成功: https://hwapi.yntv.net/ew265l/z1z6s5.m3u8
   速度: 266.60KB/s > 140KB/s | 数据量: 0.3KB | 总耗时: 5.81s
[2026-10-06 10:53:08] ⚠️ 仅读取 0.3KB 数据: http://ali-xwl.cztv.com/live/channel011080Plxw.m3u8
[2026-10-06 10:53:08] ✅ 测速成功: http://ali-xwl.cztv.com/live/channel011080Plxw.m3u8
   速度: 345.70KB/s > 140KB/s | 数据量: 0.3KB | 总耗时: 1.19s
[2026-10-06 10:53:08] ⚠️ 仅读取 0.2KB 数据: https://cdn-4.pishow.tv/live/1473/master.m3u8
[2026-10-06 10:53:08] ✅ 测速成功: https://cdn-4.pishow.tv/live/1473/master.m3u8
   速度: 152.34KB/s > 140KB/s | 数据量: 0.2KB | 总耗时: 0.84s
[2026-10-06 10:53:09] ⚠️ 仅读取 0.2KB 数据: https://d1k6kax80wecy5.cloudfront.net/RLnAKY/index.m3u8
[2026-10-06 10:53:09] ✅ 测速成功: https://d1k6kax80wecy5.cloudfront.net/RLnAKY/index.m3u8
   速度: 237.30KB/s > 140KB/s | 数据量: 0.2KB | 总耗时: 0.75s
[2026-10-06 10:53:10] ⚠️ 仅读取 0.0KB 数据: http://122.152.202.33/s/81a8a44f/index.m3u8?id=15
[2026-10-06 10:53:10] ⚠️ 速度不足: http://122.152.202.33/s/81a8a44f/index.m3u8?id=15
   速度: 0.00KB/s <= 140KB/s | 数据量: 0.0KB | 总耗时: 0.51s
[2026-10-06 10:53:10] ❌ 测速失败: http://iptv.4666888.xyz/iptv2A.php?id=34
   错误: ('Connection aborted.', RemoteDisconnected('Remote end closed connection without response')) | 域名: iptv.4666888.xyz:80
[2026-10-06 10:53:10] ⚠️ 仅读取 0.1KB 数据: https://epg.pw/stream/5f16dc7fc8aaaed3205516c63e4a8c24bca9dbba1181684244729cf574505b0e.m3u8
[2026-10-06 10:53:10] ⚠️ 速度不足: https://epg.pw/stream/5f16dc7fc8aaaed3205516c63e4a8c24bca9dbba1181684244729cf574505b0e.m3u8
   速度: 124.02KB/s <= 140KB/s | 数据量: 0.1KB | 总耗时: 0.26s
[2026-10-06 10:53:10] ⚠️ 仅读取 5.1KB 数据: http://rbmn-live.akamaized.net/hls/live/590964/BoRB-AT/master_6660.m3u8
[2026-10-06 10:53:10] ✅ 测速成功: http://rbmn-live.akamaized.net/hls/live/590964/BoRB-AT/master_6660.m3u8
   速度: 5136.72KB/s > 140KB/s | 数据量: 5.1KB | 总耗时: 0.06s
[2026-10-06 10:53:10] ⚠️ 仅读取 0.2KB 数据: http://192.151.150.154/live/chcjt.m3u8
[2026-10-06 10:53:10] ✅ 测速成功: http://192.151.150.154/live/chcjt.m3u8
   速度: 195.31KB/s > 140KB/s | 数据量: 0.2KB | 总耗时: 0.13s
[2026-10-06 10:53:11] ⚠️ 仅读取 0.1KB 数据: http://222.128.55.152:9080/live/dwq.m3u8
[2026-10-06 10:53:11] ⚠️ 速度不足: http://222.128.55.152:9080/live/dwq.m3u8
   速度: 0.33KB/s <= 140KB/s | 数据量: 0.1KB | 总耗时: 0.78s
[2026-10-06 10:53:11] ⚠️ 仅读取 0.4KB 数据: http://live-hls-web-aja.getaj.net/AJA/02.m3u8
[2026-10-06 10:53:11] ✅ 测速成功: http://live-hls-web-aja.getaj.net/AJA/02.m3u8
   速度: 375.98KB/s > 140KB/s | 数据量: 0.4KB | 总耗时: 0.11s
[2026-10-06 10:53:13] ⚠️ 仅读取 0.3KB 数据: https://gcalic.v.myalicdn.com/gc/hlzycc_1/index.m3u8
[2026-10-06 10:53:13] ✅ 测速成功: https://gcalic.v.myalicdn.com/gc/hlzycc_1/index.m3u8
   速度: 325.20KB/s > 140KB/s | 数据量: 0.3KB | 总耗时: 1.40s
[2026-10-06 10:53:14] ⚠️ 仅读取 0.3KB 数据: http://ali-m-l.cztv.com/channels/lantian/channel21/1080p.m3u8
[2026-10-06 10:53:14] ✅ 测速成功: http://ali-m-l.cztv.com/channels/lantian/channel21/1080p.m3u8
   速度: 291.99KB/s > 140KB/s | 数据量: 0.3KB | 总耗时: 1.22s
[2026-10-06 10:53:15] ✅ 测速成功: https://live.264788.xyz/channel/cctv17?streamid=348c8c0c04a6d2b900e5a3bcb4af8ce1&livekey=01WgOR41rriMmMkzNsd0UoaxJRwetZdxIvtVk
   速度: 58332.12KB/s > 140KB/s | 数据量: 104.0KB | 总耗时: 1.46s
[2026-10-06 10:53:17] ⚠️ 仅读取 0.4KB 数据: http://english-livetx.cgtn.com/hls/yypdyyctzb_hd.m3u8
[2026-10-06 10:53:17] ✅ 测速成功: http://english-livetx.cgtn.com/hls/yypdyyctzb_hd.m3u8
   速度: 402.34KB/s > 140KB/s | 数据量: 0.4KB | 总耗时: 1.27s
[2026-10-06 10:53:19] ⚠️ 仅读取 0.1KB 数据: https://0472.org/hls/cgtn.m3u8
[2026-10-06 10:53:19] ⚠️ 速度不足: https://0472.org/hls/cgtn.m3u8
   速度: 125.98KB/s <= 140KB/s | 数据量: 0.1KB | 总耗时: 2.18s
[2026-10-06 10:53:19] ⚠️ 仅读取 0.4KB 数据: http://espanol-liveali.cgtn.com/hls/LSveOGBaBw41Ea7ukkVAUdKQ220802LSTexu6xAuFH8VZNBLE1ZNEa220802cd.m3u8
[2026-10-06 10:53:19] ✅ 测速成功: http://espanol-liveali.cgtn.com/hls/LSveOGBaBw41Ea7ukkVAUdKQ220802LSTexu6xAuFH8VZNBLE1ZNEa220802cd.m3u8
   速度: 428.71KB/s > 140KB/s | 数据量: 0.4KB | 总耗时: 0.60s
[2026-10-06 10:53:25] ❌ 测速失败: http://drive.mxmy.net:8888/udp/239.3.1.188:8001
   错误: HTTPConnectionPool(host='drive.mxmy.net', port=8888): Read timed out. | 域名: drive.mxmy.net:8888
[2026-10-06 10:53:26] ⚠️ 仅读取 0.4KB 数据: https://gcwbndali.v.myalicdn.com/gcwbnd/ipanda1000_2/index.m3u8
[2026-10-06 10:53:26] ✅ 测速成功: https://gcwbndali.v.myalicdn.com/gcwbnd/ipanda1000_2/index.m3u8
   速度: 382.81KB/s > 140KB/s | 数据量: 0.4KB | 总耗时: 1.00s
[2026-10-06 10:53:27] ✅ 测速成功: https://vd2.bdstatic.com/mda-sctj0f96cn79js4n/1080p/cae_h264/1774710384405617311/mda-sctj0f96cn79js4n.mp4
   速度: 2633.10KB/s > 140KB/s | 数据量: 104.0KB | 总耗时: 0.93s
[2026-10-06 10:53:28] ⚠️ 仅读取 0.2KB 数据: http://hlsal-ldvt.qing.mgtv.com/nn_live/nn_x64/dWlwPTEyNy4wLjAuMSZ1aWQ9cWluZy1jbXMmbm5fdGltZXpvbmU9OCZjZG5leF9pZD1hbF9obHNfbGR2dCZ1dWlkPTliODY4NmU5ZTM2YzYwMmMmZT02OTE0NjA0JnY9MSZpZD1ITldTWkdTVCZzPTcwN2RiYTc2YzJjNmJmMTQ4MmUyZGYzOWU2NWM3YWFi/HNWSZGST.m3u8
[2026-10-06 10:53:28] ✅ 测速成功: http://hlsal-ldvt.qing.mgtv.com/nn_live/nn_x64/dWlwPTEyNy4wLjAuMSZ1aWQ9cWluZy1jbXMmbm5fdGltZXpvbmU9OCZjZG5leF9pZD1hbF9obHNfbGR2dCZ1dWlkPTliODY4NmU5ZTM2YzYwMmMmZT02OTE0NjA0JnY9MSZpZD1ITldTWkdTVCZzPTcwN2RiYTc2YzJjNmJmMTQ4MmUyZGYzOWU2NWM3YWFi/HNWSZGST.m3u8
   速度: 225.59KB/s > 140KB/s | 数据量: 0.2KB | 总耗时: 0.75s
[2026-10-06 10:53:28] ⚠️ 仅读取 0.4KB 数据: http://61.136.172.236:9901/tsfile/live/0121_1.m3u8?key=txiptv&playlive=1&authid=0
[2026-10-06 10:53:28] ✅ 测速成功: http://61.136.172.236:9901/tsfile/live/0121_1.m3u8?key=txiptv&playlive=1&authid=0
   速度: 428.71KB/s > 140KB/s | 数据量: 0.4KB | 总耗时: 0.52s
[2026-10-06 10:53:29] ⚠️ 仅读取 0.3KB 数据: https://hls-qhmh.lanzhousobey.cn/qhmh/mhds.m3u8
[2026-10-06 10:53:29] ✅ 测速成功: https://hls-qhmh.lanzhousobey.cn/qhmh/mhds.m3u8
   速度: 299.80KB/s > 140KB/s | 数据量: 0.3KB | 总耗时: 1.22s
[2026-10-06 10:53:31] ⚠️ 仅读取 0.3KB 数据: http://218.84.12.186:8001/hls/main/playlist.m3u8?zxinjd;http://218.84.12.186:8001/hls/main/playlist.m3u8zxinjd
[2026-10-06 10:53:31] ✅ 测速成功: http://218.84.12.186:8001/hls/main/playlist.m3u8?zxinjd;http://218.84.12.186:8001/hls/main/playlist.m3u8zxinjd
   速度: 326.17KB/s > 140KB/s | 数据量: 0.3KB | 总耗时: 1.68s
[2026-10-06 10:53:40] ❌ 测速失败: http://l.cztvcloud.com/channels/lantian/SXxinchang2/720p.m3u8
   错误: HTTPConnectionPool(host='l.cztvcloud.com', port=80): Read timed out. (read timeout=5) | 域名: l.cztvcloud.com:80
[2026-10-06 10:53:41] ⚠️ 仅读取 0.3KB 数据: https://ali-m-l.cztv.com/channels/lantian/channel001/1080p.m3u8
[2026-10-06 10:53:41] ✅ 测速成功: https://ali-m-l.cztv.com/channels/lantian/channel001/1080p.m3u8
   速度: 291.99KB/s > 140KB/s | 数据量: 0.3KB | 总耗时: 0.98s
[2026-10-06 10:53:42] ⚠️ 仅读取 0.3KB 数据: http://ali-vl.cztv.com/channels/lantian/channel001/360p.m3u8
[2026-10-06 10:53:42] ✅ 测速成功: http://ali-vl.cztv.com/channels/lantian/channel001/360p.m3u8
   速度: 286.13KB/s > 140KB/s | 数据量: 0.3KB | 总耗时: 0.97s
[2026-10-06 10:53:43] ⚠️ 仅读取 0.2KB 数据: https://test1.live.sdetv.com.cn/live/dianshizhibo/playlist.m3u8
[2026-10-06 10:53:43] ✅ 测速成功: https://test1.live.sdetv.com.cn/live/dianshizhibo/playlist.m3u8
   速度: 207.03KB/s > 140KB/s | 数据量: 0.2KB | 总耗时: 1.45s
[2026-10-06 10:53:44] ⚠️ 仅读取 0.6KB 数据: https://5ddce30eb4b55.streamlock.net/bltvhd/bltv1/chunklist_w511254805.m3u8
[2026-10-06 10:53:44] ✅ 测速成功: https://5ddce30eb4b55.streamlock.net/bltvhd/bltv1/chunklist_w511254805.m3u8
   速度: 586.91KB/s > 140KB/s | 数据量: 0.6KB | 总耗时: 0.78s
[2026-10-06 10:53:44] ⚠️ 仅读取 0.2KB 数据: http://38.64.72.148/hls/modn/list/4009/playlist.m3u8
[2026-10-06 10:53:44] ✅ 测速成功: http://38.64.72.148/hls/modn/list/4009/playlist.m3u8
   速度: 227.54KB/s > 140KB/s | 数据量: 0.2KB | 总耗时: 0.12s
[2026-10-06 10:53:46] ⚠️ 仅读取 0.4KB 数据: https://tylive.kan0512.com/norecord/csztv4k_4k.m3u8
[2026-10-06 10:53:46] ✅ 测速成功: https://tylive.kan0512.com/norecord/csztv4k_4k.m3u8
   速度: 377.93KB/s > 140KB/s | 数据量: 0.4KB | 总耗时: 1.66s
[2026-10-06 10:53:48] ⚠️ 仅读取 0.4KB 数据: https://vip.ffzy-play.com/20221018/1953_2d6ba500/index.m3u8
[2026-10-06 10:53:48] ✅ 测速成功: https://vip.ffzy-play.com/20221018/1953_2d6ba500/index.m3u8
   速度: 398.44KB/s > 140KB/s | 数据量: 0.4KB | 总耗时: 2.40s
[2026-10-06 10:53:50] ⚠️ 仅读取 0.4KB 数据: https://vip.ffzy-play7.com/20230112/11082_fde1a94d/index.m3u8
[2026-10-06 10:53:50] ✅ 测速成功: https://vip.ffzy-play7.com/20230112/11082_fde1a94d/index.m3u8
   速度: 398.44KB/s > 140KB/s | 数据量: 0.4KB | 总耗时: 2.12s
[2026-10-06 10:53:52] ✅ 测速成功: https://live.metshop.top/huya/23734246
   速度: 2774.33KB/s > 140KB/s | 数据量: 104.0KB | 总耗时: 1.96s
[2026-10-06 10:53:54] ⚠️ 仅读取 61.4KB 数据: http://jsmov2.a.yximgs.com/bs3/video-hls/5250634317044855747_hlsb.m3u8
[2026-10-06 10:53:54] ✅ 测速成功: http://jsmov2.a.yximgs.com/bs3/video-hls/5250634317044855747_hlsb.m3u8
   速度: 214.54KB/s > 140KB/s | 数据量: 61.4KB | 总耗时: 1.41s
[2026-10-06 10:53:56] ⚠️ 仅读取 0.2KB 数据: http://hls.nntv.cn/nnlive/YSYL_244.m3u8
[2026-10-06 10:53:56] ✅ 测速成功: http://hls.nntv.cn/nnlive/YSYL_244.m3u8
   速度: 232.42KB/s > 140KB/s | 数据量: 0.2KB | 总耗时: 2.35s
[2026-10-06 10:53:57] ⚠️ 仅读取 0.4KB 数据: http://stream.hrbtv.net/yspd/sd/live.m3u8?zheild
[2026-10-06 10:53:57] ✅ 测速成功: http://stream.hrbtv.net/yspd/sd/live.m3u8?zheild
   速度: 355.47KB/s > 140KB/s | 数据量: 0.4KB | 总耗时: 0.62s
[2026-10-06 10:53:59] ⚠️ 仅读取 0.4KB 数据: https://vip.ffzy-play6.com/20221019/157_bf0740ee/index.m3u8
[2026-10-06 10:53:59] ✅ 测速成功: https://vip.ffzy-play6.com/20221019/157_bf0740ee/index.m3u8
   速度: 398.44KB/s > 140KB/s | 数据量: 0.4KB | 总耗时: 2.45s
[2026-10-06 10:54:02] ⚠️ 仅读取 0.4KB 数据: https://vip.ffzy-play1.com/20221018/478_c3afed66/index.m3u8
[2026-10-06 10:54:02] ✅ 测速成功: https://vip.ffzy-play1.com/20221018/478_c3afed66/index.m3u8
   速度: 398.44KB/s > 140KB/s | 数据量: 0.4KB | 总耗时: 2.33s
[2026-10-06 10:54:04] ⚠️ 仅读取 0.4KB 数据: https://vip.ffzy-online.com/20221015/719_80ff87c2/index.m3u8
[2026-10-06 10:54:04] ✅ 测速成功: https://vip.ffzy-online.com/20221015/719_80ff87c2/index.m3u8
   速度: 398.44KB/s > 140KB/s | 数据量: 0.4KB | 总耗时: 1.98s
[2026-10-06 10:54:05] ✅ 测速成功: http://live.metshop.top/huya/21059578?cdn=alicdn
   速度: 5815.40KB/s > 140KB/s | 数据量: 104.0KB | 总耗时: 1.00s
[2026-10-06 10:54:05] ⚠️ 仅读取 0.6KB 数据: https://stream.ads.ottera.tv/playlist.m3u8?network_id=595
[2026-10-06 10:54:05] ✅ 测速成功: https://stream.ads.ottera.tv/playlist.m3u8?network_id=595
   速度: 636.72KB/s > 140KB/s | 数据量: 0.6KB | 总耗时: 0.07s
[2026-10-06 10:54:06] ⚠️ 仅读取 0.3KB 数据: https://tencentplay.gztv.com/live/nanguodushi.m3u8?txSecret=550af55c0ea34ce492748481415b6dfa&txTime=1903e7b17de
[2026-10-06 10:54:06] ✅ 测速成功: https://tencentplay.gztv.com/live/nanguodushi.m3u8?txSecret=550af55c0ea34ce492748481415b6dfa&txTime=1903e7b17de
   速度: 300.78KB/s > 140KB/s | 数据量: 0.3KB | 总耗时: 1.75s
[2026-10-06 10:54:08] ⚠️ 仅读取 0.1KB 数据: http://ebsonairios.ebs.co.kr/ebsutablet500k/tablet500k/playlist.m3u8
[2026-10-06 10:54:08] ⚠️ 速度不足: http://ebsonairios.ebs.co.kr/ebsutablet500k/tablet500k/playlist.m3u8
   速度: 122.07KB/s <= 140KB/s | 数据量: 0.1KB | 总耗时: 1.20s
[2026-10-06 10:54:09] ⚠️ 仅读取 0.8KB 数据: https://ls.qingting.fm/live/4972/64k.m3u8
[2026-10-06 10:54:09] ✅ 测速成功: https://ls.qingting.fm/live/4972/64k.m3u8
   速度: 771.48KB/s > 140KB/s | 数据量: 0.8KB | 总耗时: 1.56s
[2026-10-06 10:54:10] ⚠️ 仅读取 0.2KB 数据: http://60.222.246.220:19433/hls1.m3u8
[2026-10-06 10:54:10] ⚠️ 速度不足: http://60.222.246.220:19433/hls1.m3u8
   速度: 0.72KB/s <= 140KB/s | 数据量: 0.2KB | 总耗时: 0.81s
[2026-10-06 10:54:10] ⚠️ 仅读取 0.8KB 数据: http://ls.qingting.fm/live/4885.m3u8
[2026-10-06 10:54:10] ✅ 测速成功: http://ls.qingting.fm/live/4885.m3u8
   速度: 787.11KB/s > 140KB/s | 数据量: 0.8KB | 总耗时: 0.36s
[2026-10-06 10:54:12] ⚠️ 仅读取 0.3KB 数据: https://satellitepull.cnr.cn/live/wx32dycjgb/playlist.m3u8
[2026-10-06 10:54:12] ✅ 测速成功: https://satellitepull.cnr.cn/live/wx32dycjgb/playlist.m3u8
   速度: 314.45KB/s > 140KB/s | 数据量: 0.3KB | 总耗时: 1.90s
[2026-10-06 10:54:13] ⚠️ 仅读取 0.1KB 数据: http://stream3.jlntv.cn:80/aac_dfgb/playlist.m3u8
[2026-10-06 10:54:13] ⚠️ 速度不足: http://stream3.jlntv.cn:80/aac_dfgb/playlist.m3u8
   速度: 90.82KB/s <= 140KB/s | 数据量: 0.1KB | 总耗时: 1.19s
[2026-10-06 10:54:16] ⚠️ 仅读取 0.4KB 数据: https://stream.sun0769.com/dgrtv1/mp4tv1_800/index.m3u8
[2026-10-06 10:54:16] ✅ 测速成功: https://stream.sun0769.com/dgrtv1/mp4tv1_800/index.m3u8
   速度: 369.14KB/s > 140KB/s | 数据量: 0.4KB | 总耗时: 2.14s
[2026-10-06 10:54:17] ⚠️ 仅读取 0.4KB 数据: http://stream10.jlntv.cn/jiutaitv/sd/live.m3u8
[2026-10-06 10:54:17] ✅ 测速成功: http://stream10.jlntv.cn/jiutaitv/sd/live.m3u8
   速度: 375.00KB/s > 140KB/s | 数据量: 0.4KB | 总耗时: 1.31s
[2026-10-06 10:54:21] ⚠️ 仅读取 0.2KB 数据: https://live.zzyxxw.com:2443/live/xwzh.m3u8
[2026-10-06 10:54:21] ✅ 测速成功: https://live.zzyxxw.com:2443/live/xwzh.m3u8
   速度: 239.26KB/s > 140KB/s | 数据量: 0.2KB | 总耗时: 4.17s
[2026-10-06 10:54:22] ⚠️ 仅读取 0.2KB 数据: http://live.zzyxxw.com:85/live/xwzh.m3u8
[2026-10-06 10:54:22] ⚠️ 速度不足: http://live.zzyxxw.com:85/live/xwzh.m3u8
   速度: 0.92KB/s <= 140KB/s | 数据量: 0.2KB | 总耗时: 0.83s
[2026-10-06 10:54:25] ⚠️ 仅读取 0.3KB 数据: http://tvfile.jyrmt.cn/nmip-media/channellive/channel104452/playlist.m3u8
[2026-10-06 10:54:25] ✅ 测速成功: http://tvfile.jyrmt.cn/nmip-media/channellive/channel104452/playlist.m3u8
   速度: 265.62KB/s > 140KB/s | 数据量: 0.3KB | 总耗时: 3.21s
[2026-10-06 10:54:27] ⚠️ 仅读取 0.2KB 数据: http://zbbf2.ahbztv.com/live/418.m3u8
[2026-10-06 10:54:27] ✅ 测速成功: http://zbbf2.ahbztv.com/live/418.m3u8
   速度: 241.21KB/s > 140KB/s | 数据量: 0.2KB | 总耗时: 1.92s
[2026-10-06 10:54:40] ❌ 测速失败: https://play.scrstv.com.cn/DT/live.m3u8?auth_key=60001724663204-0-0-c1cc4ded9841ac34f63cdbd3aec647ef
   错误: HTTPSConnectionPool(host='play.scrstv.com.cn', port=443): Max retries exceeded with url: /DT/live.m3u8?auth_key=60001724663204-0-0-c1cc4ded9841ac34f63cdbd3aec647ef (Caused by ConnectTimeoutError(<HTTPSConnection(host='play.scrstv.com.cn', port=443) at 0x7f85912719d0>, 'Connection to play.scrstv.com.cn timed out. (connect timeout=3.05)')) | 域名: play.scrstv.com.cn:443
[2026-10-06 10:54:42] ⚠️ 仅读取 0.5KB 数据: https://jwcdnqx.hebyun.com.cn/live/rqtv1/1500k/tzwj_video.m3u8
[2026-10-06 10:54:42] ✅ 测速成功: https://jwcdnqx.hebyun.com.cn/live/rqtv1/1500k/tzwj_video.m3u8
   速度: 495.12KB/s > 140KB/s | 数据量: 0.5KB | 总耗时: 1.87s
[2026-10-06 10:54:46] ⚠️ 仅读取 0.3KB 数据: https://l.cztvcloud.com/channels/lantian/SXyuyao3/720p.m3u8
[2026-10-06 10:54:46] ✅ 测速成功: https://l.cztvcloud.com/channels/lantian/SXyuyao3/720p.m3u8
   速度: 292.97KB/s > 140KB/s | 数据量: 0.3KB | 总耗时: 4.22s
[2026-10-06 10:54:48] ⚠️ 仅读取 0.3KB 数据: http://liveout.btzx.com.cn/62ds9e/4nxdih.m3u8?fbl=
[2026-10-06 10:54:48] ✅ 测速成功: http://liveout.btzx.com.cn/62ds9e/4nxdih.m3u8?fbl=
   速度: 264.65KB/s > 140KB/s | 数据量: 0.3KB | 总耗时: 2.01s
[2026-10-06 10:54:51] ❌ 测速失败: https://m3u8.channel.dzsm.com/nmip-media/channellive/channel105549/playlist.m3u8
   错误: HTTPSConnectionPool(host='m3u8.channel.dzsm.com', port=443): Max retries exceeded with url: /nmip-media/channellive/channel105549/playlist.m3u8 (Caused by ConnectTimeoutError(<HTTPSConnection(host='m3u8.channel.dzsm.com', port=443) at 0x7f859128dca0>, 'Connection to m3u8.channel.dzsm.com timed out. (connect timeout=3.05)')) | 域名: m3u8.channel.dzsm.com:443
[2026-10-06 10:54:52] ⚠️ 仅读取 0.6KB 数据: http://nklive.nbs.cn/hls/75b3c462-b831-4de7-a34b-5d3221db2069/index.m3u8
[2026-10-06 10:54:52] ✅ 测速成功: http://nklive.nbs.cn/hls/75b3c462-b831-4de7-a34b-5d3221db2069/index.m3u8
   速度: 559.57KB/s > 140KB/s | 数据量: 0.6KB | 总耗时: 0.47s
[2026-10-06 10:54:53] ⚠️ 仅读取 0.3KB 数据: http://tencentplay.gztv.com/live/nanguodushi.m3u8?txSecret=140110ae3d6c936a77f94c4f4d85b0d3&txTime=18d57929bd4
[2026-10-06 10:54:53] ✅ 测速成功: http://tencentplay.gztv.com/live/nanguodushi.m3u8?txSecret=140110ae3d6c936a77f94c4f4d85b0d3&txTime=18d57929bd4
   速度: 300.78KB/s > 140KB/s | 数据量: 0.3KB | 总耗时: 0.78s
[2026-10-06 10:54:54] ⚠️ 仅读取 0.3KB 数据: http://615bbf179ba53515dccad7b1da5d1ad9.livehwc3.cn/hls.nntv.cn/nnlive/WLSH_24.m3u8?sub_m3u8=true&edge_slice=true&user_session_id=2598844eaee8a4265e706fc14b3fc11d
[2026-10-06 10:54:54] ✅ 测速成功: http://615bbf179ba53515dccad7b1da5d1ad9.livehwc3.cn/hls.nntv.cn/nnlive/WLSH_24.m3u8?sub_m3u8=true&edge_slice=true&user_session_id=2598844eaee8a4265e706fc14b3fc11d
   速度: 256.84KB/s > 140KB/s | 数据量: 0.3KB | 总耗时: 1.22s
[2026-10-06 10:54:56] ⚠️ 仅读取 0.2KB 数据: https://l2fpdktp.live.sxmty.com/live/hls/e4c3b363cc4549788e2d983f403e07db/d99ce1eb686e41b9afc888110bd95aa7.m3u8?zshanxd
[2026-10-06 10:54:56] ✅ 测速成功: https://l2fpdktp.live.sxmty.com/live/hls/e4c3b363cc4549788e2d983f403e07db/d99ce1eb686e41b9afc888110bd95aa7.m3u8?zshanxd
   速度: 160.16KB/s > 140KB/s | 数据量: 0.2KB | 总耗时: 1.80s
[2026-10-06 10:54:59] ⚠️ 仅读取 0.2KB 数据: http://jrlive.jrntv.com/live/_definst_/dangjians/playlist.m3u8?%E5%85%B3%E6%B3%A8%E5%BE%AE%E4%BF%A1%E5%85%AC%E4%BC%97%E5%8F%B7[%E6%99%B4%E5%9B%AD]
[2026-10-06 10:54:59] ⚠️ 速度不足: http://jrlive.jrntv.com/live/_definst_/dangjians/playlist.m3u8?%E5%85%B3%E6%B3%A8%E5%BE%AE%E4%BF%A1%E5%85%AC%E4%BC%97%E5%8F%B7[%E6%99%B4%E5%9B%AD]
   速度: 12.71KB/s <= 140KB/s | 数据量: 0.2KB | 总耗时: 3.20s
[2026-10-06 10:55:00] ⚠️ 仅读取 0.3KB 数据: http://file.loulannews.cn/nmip-media/channellive/channel103824/playlist.m3u8
[2026-10-06 10:55:00] ✅ 测速成功: http://file.loulannews.cn/nmip-media/channellive/channel103824/playlist.m3u8
   速度: 271.48KB/s > 140KB/s | 数据量: 0.3KB | 总耗时: 1.40s
[2026-10-06 10:55:02] ⚠️ 仅读取 0.3KB 数据: https://m3u8channel-bx.yunxya.com/nmip-media/channellive/channel104666/playlist.m3u8
[2026-10-06 10:55:02] ✅ 测速成功: https://m3u8channel-bx.yunxya.com/nmip-media/channellive/channel104666/playlist.m3u8
   速度: 271.48KB/s > 140KB/s | 数据量: 0.3KB | 总耗时: 2.15s
[2026-10-06 10:55:04] ⚠️ 仅读取 0.4KB 数据: https://stream.hrbtv.net/ylpd/sd/live.m3u8
[2026-10-06 10:55:04] ✅ 测速成功: https://stream.hrbtv.net/ylpd/sd/live.m3u8
   速度: 370.12KB/s > 140KB/s | 数据量: 0.4KB | 总耗时: 1.33s
[2026-10-06 10:55:06] ⚠️ 仅读取 0.2KB 数据: http://play.kankanlive.com/live/1720583434627241.m3u8
[2026-10-06 10:55:06] ✅ 测速成功: http://play.kankanlive.com/live/1720583434627241.m3u8
   速度: 249.02KB/s > 140KB/s | 数据量: 0.2KB | 总耗时: 1.98s
[2026-10-06 10:55:08] ⚠️ 仅读取 0.1KB 数据: http://live.daningtv.com/aac_dngb/playlist.m3u8
[2026-10-06 10:55:08] ⚠️ 速度不足: http://live.daningtv.com/aac_dngb/playlist.m3u8
   速度: 67.38KB/s <= 140KB/s | 数据量: 0.1KB | 总耗时: 2.27s
[2026-10-06 10:55:10] ⚠️ 仅读取 0.2KB 数据: https://play.kankanlive.com/live/1656487214793905.m3u8
[2026-10-06 10:55:10] ✅ 测速成功: https://play.kankanlive.com/live/1656487214793905.m3u8
   速度: 250.00KB/s > 140KB/s | 数据量: 0.2KB | 总耗时: 1.52s
[2026-10-06 10:55:10] ⚠️ 仅读取 0.7KB 数据: https://p2.vzan.com/slowlive/596867413819827251/live.m3u8?zbid=1725814272&tpid=1516989100&type=0
[2026-10-06 10:55:10] ✅ 测速成功: https://p2.vzan.com/slowlive/596867413819827251/live.m3u8?zbid=1725814272&tpid=1516989100&type=0
   速度: 685.55KB/s > 140KB/s | 数据量: 0.7KB | 总耗时: 0.92s
[2026-10-06 10:55:14] ❌ 测速失败: http://tvfile.jjrm.org.cn/nmip-media/channellive/channel106282/playlist.m3u8?zsicd
   错误: HTTPConnectionPool(host='tvfile.jjrm.org.cn', port=80): Max retries exceeded with url: /nmip-media/channellive/channel106282/playlist.m3u8?zsicd (Caused by ConnectTimeoutError(<HTTPConnection(host='tvfile.jjrm.org.cn', port=80) at 0x7f859129c700>, 'Connection to tvfile.jjrm.org.cn timed out. (connect timeout=3.05)')) | 域名: tvfile.jjrm.org.cn:80
[2026-10-06 10:55:15] ⚠️ 仅读取 0.2KB 数据: http://dspdhls.appcoo.com:8888/live/dspd/index.m3u8
[2026-10-06 10:55:15] ✅ 测速成功: http://dspdhls.appcoo.com:8888/live/dspd/index.m3u8
   速度: 155.27KB/s > 140KB/s | 数据量: 0.2KB | 总耗时: 0.59s
[2026-10-06 10:55:18] ⚠️ 仅读取 0.4KB 数据: http://lbyzztfe.live.sxmty.com/live/hls/645ff4c60e0a49f0a203abbd73dd8be9/0720e665f10f48e98c9639f4f492fb4a-1.m3u8?zshanxd
[2026-10-06 10:55:18] ✅ 测速成功: http://lbyzztfe.live.sxmty.com/live/hls/645ff4c60e0a49f0a203abbd73dd8be9/0720e665f10f48e98c9639f4f492fb4a-1.m3u8?zshanxd
   速度: 437.50KB/s > 140KB/s | 数据量: 0.4KB | 总耗时: 3.20s
[2026-10-06 10:55:20] ⚠️ 仅读取 0.6KB 数据: https://tntgjhjb.live.sxmty.com/live/hls/3a4585ac11ec4e1bb07b419101b370c3/baf63e2b313440c2a25d7859f9b73b05-1.m3u8?zshanxd
[2026-10-06 10:55:20] ✅ 测速成功: https://tntgjhjb.live.sxmty.com/live/hls/3a4585ac11ec4e1bb07b419101b370c3/baf63e2b313440c2a25d7859f9b73b05-1.m3u8?zshanxd
   速度: 557.62KB/s > 140KB/s | 数据量: 0.6KB | 总耗时: 1.95s
[2026-10-06 10:55:21] ⚠️ 仅读取 0.3KB 数据: http://live1.gatv.com.cn:85/live/GGPD_ggpdzm.m3u8
[2026-10-06 10:55:21] ⚠️ 速度不足: http://live1.gatv.com.cn:85/live/GGPD_ggpdzm.m3u8
   速度: 0.96KB/s <= 140KB/s | 数据量: 0.3KB | 总耗时: 1.16s
[2026-10-06 10:55:25] ⚠️ 仅读取 0.3KB 数据: https://live.gdtv.ah.cn/live/newsTV.m3u8
[2026-10-06 10:55:25] ✅ 测速成功: https://live.gdtv.ah.cn/live/newsTV.m3u8
   速度: 333.98KB/s > 140KB/s | 数据量: 0.3KB | 总耗时: 3.61s
[2026-10-06 10:55:26] ⚠️ 仅读取 0.1KB 数据: http://stream5.jlntv.cn/wq/playlist.m3u8
[2026-10-06 10:55:26] ⚠️ 速度不足: http://stream5.jlntv.cn/wq/playlist.m3u8
   速度: 91.80KB/s <= 140KB/s | 数据量: 0.1KB | 总耗时: 1.14s
[2026-10-06 10:55:27] ⚠️ 仅读取 0.4KB 数据: http://stream11.jlntv.cn/dehuitv/sd/live.m3u8
[2026-10-06 10:55:27] ✅ 测速成功: http://stream11.jlntv.cn/dehuitv/sd/live.m3u8
   速度: 370.12KB/s > 140KB/s | 数据量: 0.4KB | 总耗时: 1.13s
[2026-10-06 10:55:28] ⚠️ 仅读取 0.4KB 数据: https://1yp7hc5p.live.sxmty.com/live/hls/bff8529922344209985b6e49baa9555a/efa2543628fc4a7ea93d3d6c975f77dc-1.m3u8
[2026-10-06 10:55:28] ✅ 测速成功: https://1yp7hc5p.live.sxmty.com/live/hls/bff8529922344209985b6e49baa9555a/efa2543628fc4a7ea93d3d6c975f77dc-1.m3u8
   速度: 437.50KB/s > 140KB/s | 数据量: 0.4KB | 总耗时: 1.35s
[2026-10-06 10:55:30] ⚠️ 仅读取 0.1KB 数据: http://stream8.jlntv.cn/dhtv/playlist.m3u8
[2026-10-06 10:55:30] ⚠️ 速度不足: http://stream8.jlntv.cn/dhtv/playlist.m3u8
   速度: 91.80KB/s <= 140KB/s | 数据量: 0.1KB | 总耗时: 2.29s
[2026-10-06 10:55:32] ⚠️ 仅读取 0.4KB 数据: http://live.xysrmt.cn/xwzh/sd/live.m3u8?zjiangsd"
[2026-10-06 10:55:32] ✅ 测速成功: http://live.xysrmt.cn/xwzh/sd/live.m3u8?zjiangsd"
   速度: 370.12KB/s > 140KB/s | 数据量: 0.4KB | 总耗时: 1.29s
[2026-10-06 10:55:32] ⚠️ 仅读取 2.0KB 数据: http://tvpull.dxhmt.cn:9081/tv/11329-1.m3u8
[2026-10-06 10:55:32] ✅ 测速成功: http://tvpull.dxhmt.cn:9081/tv/11329-1.m3u8
   速度: 1962.89KB/s > 140KB/s | 数据量: 2.0KB | 总耗时: 0.44s
[2026-10-06 10:55:36] ⚠️ 仅读取 0.3KB 数据: https://m3u8channel.yunxya.com/nmip-media/channellive/channel100028/playlist.m3u8
[2026-10-06 10:55:36] ✅ 测速成功: https://m3u8channel.yunxya.com/nmip-media/channellive/channel100028/playlist.m3u8
   速度: 271.48KB/s > 140KB/s | 数据量: 0.3KB | 总耗时: 3.84s
[2026-10-06 10:55:38] ⚠️ 仅读取 0.4KB 数据: https://zb-live.ynurl.com/yimen/3b75a2f9-7941-46b7-992d-a9796fbca5fe.m3u8
[2026-10-06 10:55:38] ✅ 测速成功: https://zb-live.ynurl.com/yimen/3b75a2f9-7941-46b7-992d-a9796fbca5fe.m3u8
   速度: 379.88KB/s > 140KB/s | 数据量: 0.4KB | 总耗时: 2.11s
[2026-10-06 10:55:40] ⚠️ 仅读取 0.3KB 数据: http://stream.jinjiang.tv/1/sd/live.m3u8?zfud
[2026-10-06 10:55:40] ✅ 测速成功: http://stream.jinjiang.tv/1/sd/live.m3u8?zfud
   速度: 315.43KB/s > 140KB/s | 数据量: 0.3KB | 总耗时: 1.52s
[2026-10-06 10:55:41] ⚠️ 仅读取 0.1KB 数据: http://zb.gxlbamc.com:1935/live/lbzh.stream/playlist.m3u8
[2026-10-06 10:55:41] ⚠️ 速度不足: http://zb.gxlbamc.com:1935/live/lbzh.stream/playlist.m3u8
   速度: 0.53KB/s <= 140KB/s | 数据量: 0.1KB | 总耗时: 1.06s
[2026-10-06 10:55:42] ⚠️ 仅读取 0.1KB 数据: http://stream9.jlntv.cn:80/aac_huadiangb/playlist.m3u8
[2026-10-06 10:55:42] ⚠️ 速度不足: http://stream9.jlntv.cn:80/aac_huadiangb/playlist.m3u8
   速度: 89.84KB/s <= 140KB/s | 数据量: 0.1KB | 总耗时: 1.15s
[2026-10-06 10:55:43] ⚠️ 仅读取 0.3KB 数据: https://live.wjyanghu.com/live/CH1.m3u8
[2026-10-06 10:55:43] ✅ 测速成功: https://live.wjyanghu.com/live/CH1.m3u8
   速度: 266.60KB/s > 140KB/s | 数据量: 0.3KB | 总耗时: 1.51s
[2026-10-06 10:55:50] ❌ 测速失败: http://live.wjyanghu.com/live/CH2.m3u8
   错误: HTTPSConnectionPool(host='live.wjyanghu.com', port=443): Read timed out. (read timeout=5) | 域名: live.wjyanghu.com:80
[2026-10-06 10:55:51] ⚠️ 仅读取 0.2KB 数据: http://59.175.226.142:280/gb28181/xwzh.m3u8?zhubd
[2026-10-06 10:55:51] ⚠️ 速度不足: http://59.175.226.142:280/gb28181/xwzh.m3u8?zhubd
   速度: 0.96KB/s <= 140KB/s | 数据量: 0.2KB | 总耗时: 0.78s
[2026-10-06 10:55:51] ⚠️ 仅读取 0.2KB 数据: http://live.iwcmt.cn:90/live/zhxw.m3u8
[2026-10-06 10:55:51] ⚠️ 速度不足: http://live.iwcmt.cn:90/live/zhxw.m3u8
   速度: 0.99KB/s <= 140KB/s | 数据量: 0.2KB | 总耗时: 0.76s
[2026-10-06 10:55:52] ⚠️ 仅读取 0.3KB 数据: http://file.ysxtv.cn/cms/videos/nmip-media/channellive/channel4/playlist.m3u8?zsicd
[2026-10-06 10:55:52] ✅ 测速成功: http://file.ysxtv.cn/cms/videos/nmip-media/channellive/channel4/playlist.m3u8?zsicd
   速度: 265.62KB/s > 140KB/s | 数据量: 0.3KB | 总耗时: 1.05s
[2026-10-06 10:55:59] RTMP检测成功: rtmp://tv.mcrm.org.cn:1935/channellive/tv01
[2026-10-06 10:56:01] ⚠️ 仅读取 0.2KB 数据: https://qmmqvzoz.live.sxmty.com/live/hls/f24f8a390c084386a564074c9260100c/be3fdf07606145739ab2c4b80fe0136a.m3u8?zshanxd
[2026-10-06 10:56:01] ✅ 测速成功: https://qmmqvzoz.live.sxmty.com/live/hls/f24f8a390c084386a564074c9260100c/be3fdf07606145739ab2c4b80fe0136a.m3u8?zshanxd
   速度: 179.69KB/s > 140KB/s | 数据量: 0.2KB | 总耗时: 1.74s
[2026-10-06 10:56:05] ⚠️ 仅读取 0.3KB 数据: https://radio.pull.hebtv.com/live/hebnczx.m3u8
[2026-10-06 10:56:05] ✅ 测速成功: https://radio.pull.hebtv.com/live/hebnczx.m3u8
   速度: 339.84KB/s > 140KB/s | 数据量: 0.3KB | 总耗时: 3.93s
[2026-10-06 10:56:06] ⚠️ 仅读取 0.4KB 数据: http://tmpstream.hyrtv.cn/hygg/sd/live.m3u8
[2026-10-06 10:56:06] ✅ 测速成功: http://tmpstream.hyrtv.cn/hygg/sd/live.m3u8
   速度: 355.47KB/s > 140KB/s | 数据量: 0.4KB | 总耗时: 0.97s
[2026-10-06 10:56:09] ❌ 测速失败: http://live1.habctv.com/ggpdsl/sd/live.m3u8?zjiangsd
   错误: HTTPConnectionPool(host='live1.habctv.com', port=80): Max retries exceeded with url: /ggpdsl/sd/live.m3u8?zjiangsd (Caused by ConnectTimeoutError(<HTTPConnection(host='live1.habctv.com', port=80) at 0x7f85912889d0>, 'Connection to live1.habctv.com timed out. (connect timeout=3.05)')) | 域名: live1.habctv.com:80
[2026-10-06 10:56:12] ❌ 测速失败: http://lxfile.lxxcb.cn/nmip-media/channellive/channel103799/playlist.m3u8
   错误: HTTPConnectionPool(host='lxfile.lxxcb.cn', port=80): Max retries exceeded with url: /nmip-media/channellive/channel103799/playlist.m3u8 (Caused by NewConnectionError("HTTPConnection(host='lxfile.lxxcb.cn', port=80): Failed to establish a new connection: [Errno 101] Network is unreachable")) | 域名: lxfile.lxxcb.cn:80
[2026-10-06 10:56:17] ⚠️ 仅读取 0.3KB 数据: https://m3u8channel.ganzitv.com/nmip-media/channellive/channel1/playlist.m3u8
[2026-10-06 10:56:17] ✅ 测速成功: https://m3u8channel.ganzitv.com/nmip-media/channellive/channel1/playlist.m3u8
   速度: 271.48KB/s > 140KB/s | 数据量: 0.3KB | 总耗时: 4.65s
[2026-10-06 10:56:17] ⚠️ 仅读取 0.3KB 数据: http://play.jinnantv.top/live/JNTV1.m3u8?ztianjd
[2026-10-06 10:56:17] ✅ 测速成功: http://play.jinnantv.top/live/JNTV1.m3u8?ztianjd
   速度: 250.98KB/s > 140KB/s | 数据量: 0.3KB | 总耗时: 0.25s
[2026-10-06 10:56:19] ⚠️ 仅读取 0.7KB 数据: https://p2hs.vzan.com/slowlive/317913155078575177/live.m3u8
[2026-10-06 10:56:19] ✅ 测速成功: https://p2hs.vzan.com/slowlive/317913155078575177/live.m3u8
   速度: 691.41KB/s > 140KB/s | 数据量: 0.7KB | 总耗时: 1.86s
[2026-10-06 10:56:20] ⚠️ 仅读取 1.1KB 数据: http://hzcm-live.media.hugd.com/1e6b554b9ab74513958c0e1ffe664d22/9acaa7634309494cb29a85eb12136607.m3u8?auth_key=2272900830-9a2389b8bf4e49d580d4ad807423d326-0-ea78a5c7a678c436263582d368f5009e
[2026-10-06 10:56:20] ✅ 测速成功: http://hzcm-live.media.hugd.com/1e6b554b9ab74513958c0e1ffe664d22/9acaa7634309494cb29a85eb12136607.m3u8?auth_key=2272900830-9a2389b8bf4e49d580d4ad807423d326-0-ea78a5c7a678c436263582d368f5009e
   速度: 1118.16KB/s > 140KB/s | 数据量: 1.1KB | 总耗时: 0.89s
[2026-10-06 10:56:23] ⚠️ 仅读取 0.5KB 数据: http://jwplay.hebyun.com.cn/live/LPTV001/1500k/tzwj_video.m3u8
[2026-10-06 10:56:23] ✅ 测速成功: http://jwplay.hebyun.com.cn/live/LPTV001/1500k/tzwj_video.m3u8
   速度: 514.65KB/s > 140KB/s | 数据量: 0.5KB | 总耗时: 3.48s
[2026-10-06 10:56:25] ⚠️ 仅读取 0.1KB 数据: http://traffic.jbh.tjbh.com/live/bhtv10/playlist.m3u8
[2026-10-06 10:56:25] ⚠️ 速度不足: http://traffic.jbh.tjbh.com/live/bhtv10/playlist.m3u8
   速度: 0.72KB/s <= 140KB/s | 数据量: 0.1KB | 总耗时: 1.06s
[2026-10-06 10:56:33] ❌ 测速失败: http://live.yantaitv.cn/live/e50f104a4ffe4a41b2217cbda534146f/d86092e69df94668b33390278b061700-1.m3u8
   错误: HTTPConnectionPool(host='live.yantaitv.cn', port=80): Read timed out. (read timeout=5) | 域名: live.yantaitv.cn:80
[2026-10-06 10:56:34] ⚠️ 仅读取 0.3KB 数据: http://satellitepull.cnr.cn/live/wx32fjxwgb/playlist.m3u8
[2026-10-06 10:56:34] ✅ 测速成功: http://satellitepull.cnr.cn/live/wx32fjxwgb/playlist.m3u8
   速度: 259.77KB/s > 140KB/s | 数据量: 0.3KB | 总耗时: 0.57s
[2026-10-06 10:56:34] ⚠️ 仅读取 0.7KB 数据: http://live.shaoxing.com.cn/video/s10001-sxtv2/index.m3u8
[2026-10-06 10:56:34] ✅ 测速成功: http://live.shaoxing.com.cn/video/s10001-sxtv2/index.m3u8
   速度: 681.64KB/s > 140KB/s | 数据量: 0.7KB | 总耗时: 0.87s
[2026-10-06 10:56:35] ⚠️ 仅读取 0.3KB 数据: https://live-auth.51kandianshi.com/szgd/csztv3.m3u8
[2026-10-06 10:56:35] ✅ 测速成功: https://live-auth.51kandianshi.com/szgd/csztv3.m3u8
   速度: 286.13KB/s > 140KB/s | 数据量: 0.3KB | 总耗时: 0.96s
[2026-10-06 10:56:38] ⚠️ 仅读取 0.1KB 数据: https://stream.jmtv.com.cn/xwzh/playlist.m3u8?_upt=3e28e7271664278691
[2026-10-06 10:56:38] ⚠️ 速度不足: https://stream.jmtv.com.cn/xwzh/playlist.m3u8?_upt=3e28e7271664278691
   速度: 68.36KB/s <= 140KB/s | 数据量: 0.1KB | 总耗时: 2.75s
[2026-10-06 10:56:40] ⚠️ 仅读取 0.4KB 数据: http://stream.jmtv.com.cn/xwzh/sd/live.m3u8
[2026-10-06 10:56:40] ✅ 测速成功: http://stream.jmtv.com.cn/xwzh/sd/live.m3u8
   速度: 356.45KB/s > 140KB/s | 数据量: 0.4KB | 总耗时: 2.30s
[2026-10-06 10:56:43] ⚠️ 仅读取 0.3KB 数据: https://m3u8channel-yj.yunxya.com/nmip-media/channellive/channel101140/playlist.m3u8
[2026-10-06 10:56:43] ✅ 测速成功: https://m3u8channel-yj.yunxya.com/nmip-media/channellive/channel101140/playlist.m3u8
   速度: 271.48KB/s > 140KB/s | 数据量: 0.3KB | 总耗时: 2.44s
[2026-10-06 10:56:44] ⚠️ 仅读取 0.4KB 数据: https://liveplay-srs.voc.com.cn/hls/tv/183_554704.m3u8
[2026-10-06 10:56:44] ✅ 测速成功: https://liveplay-srs.voc.com.cn/hls/tv/183_554704.m3u8
   速度: 370.12KB/s > 140KB/s | 数据量: 0.4KB | 总耗时: 1.48s
[2026-10-06 10:56:45] ⚠️ 仅读取 1.0KB 数据: http://play-sh13.quklive.com/live/1702360350551252.m3u8?auth_key=2037107484-800189c57a5a44d3b823b60cf84f6756-0-a6f6828a62d5c167cff5e68735fa0d39
[2026-10-06 10:56:45] ✅ 测速成功: http://play-sh13.quklive.com/live/1702360350551252.m3u8?auth_key=2037107484-800189c57a5a44d3b823b60cf84f6756-0-a6f6828a62d5c167cff5e68735fa0d39
   速度: 1008.79KB/s > 140KB/s | 数据量: 1.0KB | 总耗时: 0.86s
[2026-10-06 10:56:46] ⚠️ 仅读取 0.5KB 数据: https://jwplay.hebyun.com.cn:443/live/xtsrmtzs/1500k/tzwj_video.m3u8
[2026-10-06 10:56:46] ✅ 测速成功: https://jwplay.hebyun.com.cn:443/live/xtsrmtzs/1500k/tzwj_video.m3u8
   速度: 526.37KB/s > 140KB/s | 数据量: 0.5KB | 总耗时: 0.88s
[2026-10-06 10:56:47] ⚠️ 仅读取 0.4KB 数据: http://zjtv-wshls.homecdn.com/live/2aa16.m3u8
[2026-10-06 10:56:47] ✅ 测速成功: http://zjtv-wshls.homecdn.com/live/2aa16.m3u8
   速度: 432.62KB/s > 140KB/s | 数据量: 0.4KB | 总耗时: 1.14s
[2026-10-06 10:56:48] ⚠️ 仅读取 0.4KB 数据: http://cm-wshls.homecdn.com/live/2aa50.m3u8
[2026-10-06 10:56:48] ✅ 测速成功: http://cm-wshls.homecdn.com/live/2aa50.m3u8
   速度: 419.92KB/s > 140KB/s | 数据量: 0.4KB | 总耗时: 0.92s
[2026-10-06 10:56:50] ⚠️ 仅读取 2.1KB 数据: https://www.wxhcgbds.com:8081/channelTv/WXTV_1.m3u8?zshanxd
[2026-10-06 10:56:50] ✅ 测速成功: https://www.wxhcgbds.com:8081/channelTv/WXTV_1.m3u8?zshanxd
   速度: 2119.14KB/s > 140KB/s | 数据量: 2.1KB | 总耗时: 1.45s
[2026-10-06 10:56:51] ⚠️ 仅读取 0.2KB 数据: http://hplayer1.juyun.tv:80/camera/11344136.m3u8
[2026-10-06 10:56:51] ✅ 测速成功: http://hplayer1.juyun.tv:80/camera/11344136.m3u8
   速度: 238.28KB/s > 140KB/s | 数据量: 0.2KB | 总耗时: 1.46s
[2026-10-06 10:56:54] ⚠️ 仅读取 0.4KB 数据: https://play.yunxya.com/channellive/xinwen.m3u8
[2026-10-06 10:56:54] ✅ 测速成功: https://play.yunxya.com/channellive/xinwen.m3u8
   速度: 363.28KB/s > 140KB/s | 数据量: 0.4KB | 总耗时: 3.06s
[2026-10-06 10:56:55] ⚠️ 仅读取 0.3KB 数据: http://qcfile.qcrmt.com/nmip-media/channellive/channel100933/playlist.m3u8
[2026-10-06 10:56:55] ✅ 测速成功: http://qcfile.qcrmt.com/nmip-media/channellive/channel100933/playlist.m3u8
   速度: 265.62KB/s > 140KB/s | 数据量: 0.3KB | 总耗时: 0.63s
[2026-10-06 10:57:01] ⚠️ 仅读取 0.4KB 数据: http://hslive.hsnewsnet.com/lsdream/iY92ady/1000/live.m3u8?zanhd
[2026-10-06 10:57:01] ✅ 测速成功: http://hslive.hsnewsnet.com/lsdream/iY92ady/1000/live.m3u8?zanhd
   速度: 358.40KB/s > 140KB/s | 数据量: 0.4KB | 总耗时: 6.04s
[2026-10-06 10:57:02] ⚠️ 仅读取 0.4KB 数据: https://english-livetx.cgtn.com/hls/yypdjlctzb_hd.m3u8
[2026-10-06 10:57:02] ✅ 测速成功: https://english-livetx.cgtn.com/hls/yypdjlctzb_hd.m3u8
   速度: 402.34KB/s > 140KB/s | 数据量: 0.4KB | 总耗时: 0.87s
[2026-10-06 10:57:03] ⚠️ 仅读取 7.6KB 数据: http://newcntv.qcloudcdn.com/asp/hls/4000/0303000a/3/default/2bdfdad540b342f592f9817cb7f3b79a/4000.m3u8
[2026-10-06 10:57:03] ✅ 测速成功: http://newcntv.qcloudcdn.com/asp/hls/4000/0303000a/3/default/2bdfdad540b342f592f9817cb7f3b79a/4000.m3u8
   速度: 7620.12KB/s > 140KB/s | 数据量: 7.6KB | 总耗时: 1.23s
[2026-10-06 10:57:06] ⚠️ 仅读取 0.3KB 数据: https://liveout.btzx.com.cn/62ds9e/6o77s4.m3u8?zxinjd
[2026-10-06 10:57:06] ✅ 测速成功: https://liveout.btzx.com.cn/62ds9e/6o77s4.m3u8?zxinjd
   速度: 264.65KB/s > 140KB/s | 数据量: 0.3KB | 总耗时: 2.81s
[2026-10-06 10:57:06] ⚠️ 仅读取 0.4KB 数据: http://222.179.155.21:1935/ch1.m3u8?zzhongqd
[2026-10-06 10:57:06] ✅ 测速成功: http://222.179.155.21:1935/ch1.m3u8?zzhongqd
   速度: 405.27KB/s > 140KB/s | 数据量: 0.4KB | 总耗时: 0.55s
[2026-10-06 10:57:07] ⚠️ 仅读取 5.4KB 数据: https://hls.cntv.lxdns.com/asp/hls/2000/0303000a/3/default/f0a47e155d32450daa1d36a04fd7d262/2000.m3u8
[2026-10-06 10:57:07] ✅ 测速成功: https://hls.cntv.lxdns.com/asp/hls/2000/0303000a/3/default/f0a47e155d32450daa1d36a04fd7d262/2000.m3u8
   速度: 5388.67KB/s > 140KB/s | 数据量: 5.4KB | 总耗时: 0.88s
[2026-10-06 10:57:08] ⚠️ 仅读取 5.7KB 数据: https://newcntv.qcloudcdn.com/asp/hls/2000/0303000a/3/default/d2454bbb542d4613a9db478dab2addfd/2000.m3u8
[2026-10-06 10:57:08] ✅ 测速成功: https://newcntv.qcloudcdn.com/asp/hls/2000/0303000a/3/default/d2454bbb542d4613a9db478dab2addfd/2000.m3u8
   速度: 5678.71KB/s > 140KB/s | 数据量: 5.7KB | 总耗时: 1.14s
[2026-10-06 10:57:09] ⚠️ 仅读取 0.7KB 数据: https://AMChls.wns.live/hls/stream.m3u8
[2026-10-06 10:57:09] ✅ 测速成功: https://AMChls.wns.live/hls/stream.m3u8
   速度: 701.17KB/s > 140KB/s | 数据量: 0.7KB | 总耗时: 0.91s
[2026-10-06 10:57:10] ⚠️ 仅读取 0.3KB 数据: http://61.221.215.25:8800/hls/49/index.m3u8
[2026-10-06 10:57:10] ✅ 测速成功: http://61.221.215.25:8800/hls/49/index.m3u8
   速度: 252.93KB/s > 140KB/s | 数据量: 0.3KB | 总耗时: 0.39s
[2026-10-06 10:57:10] ✅ 测速成功: https://alimov2.a.kwimgs.com/upic/2023/01/13/22/BMjAyMzAxMTMyMjEwMDNfNDAzMDAxOTlfOTM1MTIzMzYwODJfMF8z_b_B647d10e431b4cc5e48e6c77347d69021.mp4
   速度: 48483.67KB/s > 140KB/s | 数据量: 104.0KB | 总耗时: 0.31s
[2026-10-06 10:57:16] ✅ 测速成功: https://p2.bdstatic.com/rtmp.liveshow.lss-user.baidubce.com/live/stream_bduid_6488563992_8982723413/merged_1707497046297_88536_25144_41936.m3u8
   速度: 188.34KB/s > 140KB/s | 数据量: 103.6KB | 总耗时: 6.01s
[2026-10-06 10:57:18] ⚠️ 仅读取 0.4KB 数据: https://svip.high24-playback.com/20250129/17159_7bca93c4/2000k/hls/mixed.m3u8
[2026-10-06 10:57:18] ✅ 测速成功: https://svip.high24-playback.com/20250129/17159_7bca93c4/2000k/hls/mixed.m3u8
   速度: 397.46KB/s > 140KB/s | 数据量: 0.4KB | 总耗时: 2.45s
[2026-10-06 10:57:22] ⚠️ 速度不足: https://my9.ltd/momo-480.mp4
   速度: 134.76KB/s <= 140KB/s | 数据量: 104.0KB | 总耗时: 3.37s
[2026-10-06 10:57:23] ✅ 测速成功: http://110.235.82.60:8001/bysid/1
   速度: 173.47KB/s > 140KB/s | 数据量: 104.0KB | 总耗时: 1.00s
[2026-10-06 10:57:23] ⚠️ 仅读取 0.2KB 数据: http://61.10.2.140:80/live_freedirect/freehd209_h.live/chunklist_w135209556.m3u8
[2026-10-06 10:57:23] ⚠️ 速度不足: http://61.10.2.140:80/live_freedirect/freehd209_h.live/chunklist_w135209556.m3u8
   速度: 1.14KB/s <= 140KB/s | 数据量: 0.2KB | 总耗时: 0.61s
[2026-10-06 10:57:24] ⚠️ 仅读取 0.1KB 数据: http://61.10.2.141/live_freedirect/freehd209_h.live/playlist.m3u
[2026-10-06 10:57:24] ⚠️ 速度不足: http://61.10.2.141/live_freedirect/freehd209_h.live/playlist.m3u
   速度: 0.66KB/s <= 140KB/s | 数据量: 0.1KB | 总耗时: 0.61s
[2026-10-06 10:57:27] ❌ 测速失败: http://61.10.2.145/live_freedirect/freehd209_h.live/chunklist.m3u8
   错误: HTTPConnectionPool(host='61.10.2.145', port=80): Max retries exceeded with url: /live_freedirect/freehd209_h.live/chunklist.m3u8 (Caused by ConnectTimeoutError(<HTTPConnection(host='61.10.2.145', port=80) at 0x7f859129c2b0>, 'Connection to 61.10.2.145 timed out. (connect timeout=3.05)')) | 域名: 61.10.2.145:80
[2026-10-06 10:57:29] ⚠️ 仅读取 0.1KB 数据: https://gctxyc.liveplay.myqcloud.com/gc/dlst03_1/index.m3u8
[2026-10-06 10:57:29] ⚠️ 速度不足: https://gctxyc.liveplay.myqcloud.com/gc/dlst03_1/index.m3u8
   速度: 97.66KB/s <= 140KB/s | 数据量: 0.1KB | 总耗时: 1.94s
[2026-10-06 10:57:30] ⚠️ 速度不足: http://116.230.54.58:33988/rtp/233.18.204.188:5140
   速度: 136.50KB/s <= 140KB/s | 数据量: 104.0KB | 总耗时: 1.27s
[2026-10-06 10:57:31] ✅ 测速成功: http://121.10.7.16:4000/udp/239.77.1.158:5146
   速度: 142.86KB/s > 140KB/s | 数据量: 104.0KB | 总耗时: 1.22s
[2026-10-06 10:57:32] ⚠️ 仅读取 0.0KB 数据: http://111.196.130.39:8686/rtp/239.3.1.60:8084
[2026-10-06 10:57:32] ⚠️ 速度不足: http://111.196.130.39:8686/rtp/239.3.1.60:8084
   速度: 0.00KB/s <= 140KB/s | 数据量: 0.0KB | 总耗时: 0.54s
[2026-10-06 10:57:34] ⚠️ 速度不足: http://125.33.209.235:5588/rtp/239.3.1.60:8084
   速度: 98.66KB/s <= 140KB/s | 数据量: 104.0KB | 总耗时: 1.56s
[2026-10-06 10:57:35] ✅ 测速成功: http://183.220.107.138:4022/rtp/239.11.0.65:5140
   速度: 143.93KB/s > 140KB/s | 数据量: 104.0KB | 总耗时: 1.21s
[2026-10-06 10:57:35] ⚠️ 仅读取 0.9KB 数据: http://120.76.248.139/live/bfgd/4200000488.m3u8
[2026-10-06 10:57:35] ✅ 测速成功: http://120.76.248.139/live/bfgd/4200000488.m3u8
   速度: 861.33KB/s > 140KB/s | 数据量: 0.9KB | 总耗时: 0.50s
